// Vitest Snapshot v1, https://vitest.dev/guide/snapshot.html

exports[`AppRange > should renders correctly snapshot 1`] = `
<DocumentFragment>
  <div
    class="MuiStack-root css-16ago1c-MuiStack-root"
  >
    <span
      class="MuiSlider-root MuiSlider-marked MuiSlider-colorPrimary MuiSlider-sizeSmall css-c5og8r-MuiSlider-root"
    >
      <span
        class="MuiSlider-rail css-14pt78w-MuiSlider-rail"
      />
      <span
        class="MuiSlider-track css-1n40zqk-MuiSlider-track"
        style="left: 0%; width: 100%;"
      />
      <span
        class="MuiSlider-mark MuiSlider-markActive css-6cwnna-MuiSlider-mark"
        data-index="0"
        style="left: 0%;"
      />
      <span
        aria-hidden="true"
        class="MuiSlider-markLabel MuiSlider-markLabel MuiSlider-markLabelActive css-1eoe787-MuiSlider-markLabel"
        data-index="0"
        style="left: 0%;"
      >
        13
      </span>
      <span
        class="MuiSlider-mark MuiSlider-markActive css-6cwnna-MuiSlider-mark"
        data-index="1"
        style="left: 100%;"
      />
      <span
        aria-hidden="true"
        class="MuiSlider-markLabel MuiSlider-markLabel MuiSlider-markLabelActive css-1eoe787-MuiSlider-markLabel"
        data-index="1"
        style="left: 100%;"
      >
        78
      </span>
      <span
        class="MuiSlider-thumb MuiSlider-thumbSizeSmall MuiSlider-thumbColorPrimary MuiSlider-thumb MuiSlider-thumbSizeSmall MuiSlider-thumbColorPrimary css-cv58vo-MuiSlider-thumb"
        data-index="0"
        data-mui-internal-clone-element="true"
        style="left: 0%;"
      >
        <input
          aria-orientation="horizontal"
          aria-valuemax="78"
          aria-valuemin="13"
          aria-valuenow="13"
          data-index="0"
          max="78"
          min="13"
          step="1"
          style="border: 0px; height: 100%; margin: -1px; overflow: hidden; padding: 0px; position: absolute; white-space: nowrap; width: 100%; direction: ltr;"
          type="range"
          value="13"
        />
      </span>
      <span
        class="MuiSlider-thumb MuiSlider-thumbSizeSmall MuiSlider-thumbColorPrimary MuiSlider-thumb MuiSlider-thumbSizeSmall MuiSlider-thumbColorPrimary css-cv58vo-MuiSlider-thumb"
        data-index="1"
        data-mui-internal-clone-element="true"
        style="left: 100%;"
      >
        <input
          aria-orientation="horizontal"
          aria-valuemax="78"
          aria-valuemin="13"
          aria-valuenow="78"
          data-index="1"
          max="78"
          min="13"
          step="1"
          style="border: 0px; height: 100%; margin: -1px; overflow: hidden; padding: 0px; position: absolute; white-space: nowrap; width: 100%; direction: ltr;"
          type="range"
          value="78"
        />
      </span>
    </span>
    <div
      class="MuiBox-root css-0"
      style="display: flex; gap: 24px;"
    >
      <div
        class="MuiBox-root css-1uezowt"
      >
        <p
          class="MuiTypography-root MuiTypography-body2 css-c200zg-MuiTypography-root"
        >
          common.from
        </p>
        <div
          class="MuiFormControl-root MuiTextField-root css-10vsn2f-MuiFormControl-root-MuiTextField-root"
        >
          <div
            class="MuiInputBase-root MuiOutlinedInput-root MuiInputBase-colorPrimary MuiInputBase-formControl css-9ddj71-MuiInputBase-root-MuiOutlinedInput-root"
          >
            <input
              aria-invalid="false"
              class="MuiInputBase-input MuiOutlinedInput-input css-1t8l2tu-MuiInputBase-input-MuiOutlinedInput-input"
              id="0"
              inputmode="numeric"
              type="text"
              value="13"
            />
            <fieldset
              aria-hidden="true"
              class="MuiOutlinedInput-notchedOutline css-1d3z3hw-MuiOutlinedInput-notchedOutline"
            >
              <legend
                class="css-ihdtdm"
              >
                <span
                  class="notranslate"
                >
                  ​
                </span>
              </legend>
            </fieldset>
          </div>
        </div>
      </div>
      <div
        class="MuiBox-root css-1uezowt"
      >
        <p
          class="MuiTypography-root MuiTypography-body2 css-c200zg-MuiTypography-root"
        >
          common.to
        </p>
        <div
          class="MuiFormControl-root MuiTextField-root css-10vsn2f-MuiFormControl-root-MuiTextField-root"
        >
          <div
            class="MuiInputBase-root MuiOutlinedInput-root MuiInputBase-colorPrimary MuiInputBase-formControl css-9ddj71-MuiInputBase-root-MuiOutlinedInput-root"
          >
            <input
              aria-invalid="false"
              class="MuiInputBase-input MuiOutlinedInput-input css-1t8l2tu-MuiInputBase-input-MuiOutlinedInput-input"
              id="1"
              inputmode="numeric"
              type="text"
              value="78"
            />
            <fieldset
              aria-hidden="true"
              class="MuiOutlinedInput-notchedOutline css-1d3z3hw-MuiOutlinedInput-notchedOutline"
            >
              <legend
                class="css-ihdtdm"
              >
                <span
                  class="notranslate"
                >
                  ​
                </span>
              </legend>
            </fieldset>
          </div>
        </div>
      </div>
    </div>
  </div>
</DocumentFragment>
`;
